replayed pair 1/40 (1 losses so far, 40s)
replayed pair 2/40 (1 losses so far, 67s)
replayed pair 3/40 (2 losses so far, 114s)
replayed pair 4/40 (2 losses so far, 170s)
replayed pair 5/40 (2 losses so far, 188s)
replayed pair 6/40 (2 losses so far, 213s)
replayed pair 7/40 (3 losses so far, 261s)
replayed pair 8/40 (3 losses so far, 316s)
replayed pair 9/40 (3 losses so far, 363s)
replayed pair 10/40 (3 losses so far, 412s)
replayed pair 11/40 (3 losses so far, 450s)
replayed pair 12/40 (3 losses so far, 496s)
replayed pair 13/40 (3 losses so far, 527s)
replayed pair 14/40 (3 losses so far, 549s)
replayed pair 15/40 (4 losses so far, 582s)
replayed pair 16/40 (4 losses so far, 609s)
replayed pair 17/40 (4 losses so far, 661s)
replayed pair 18/40 (5 losses so far, 693s)
replayed pair 19/40 (6 losses so far, 727s)
replayed pair 20/40 (6 losses so far, 836s)
replayed pair 21/40 (6 losses so far, 849s)
replayed pair 22/40 (7 losses so far, 872s)
replayed pair 23/40 (7 losses so far, 903s)
replayed pair 24/40 (7 losses so far, 966s)
replayed pair 25/40 (7 losses so far, 1002s)
replayed pair 26/40 (7 losses so far, 1062s)
replayed pair 27/40 (7 losses so far, 1108s)
replayed pair 28/40 (8 losses so far, 1138s)
replayed pair 29/40 (8 losses so far, 1187s)
replayed pair 30/40 (8 losses so far, 1233s)
replayed pair 31/40 (8 losses so far, 1296s)
replayed pair 32/40 (8 losses so far, 1354s)
replayed pair 33/40 (8 losses so far, 1393s)
replayed pair 34/40 (8 losses so far, 1427s)
replayed pair 35/40 (8 losses so far, 1483s)
replayed pair 36/40 (8 losses so far, 1537s)
replayed pair 37/40 (8 losses so far, 1552s)
replayed pair 38/40 (8 losses so far, 1575s)
replayed pair 39/40 (9 losses so far, 1624s)
replayed pair 40/40 (10 losses so far, 1671s)

10 lost/timeout games to autopsy
seed=2000 seat=0 outcome=loss -> WIN (nodes=340, 150s)
seed=2002 seat=1 outcome=loss -> WIN (nodes=55, 7s)
seed=2006 seat=0 outcome=loss -> WIN (nodes=57, 6s)
seed=2014 seat=1 outcome=loss -> WIN (nodes=46, 4s)
seed=2017 seat=0 outcome=loss -> WIN (nodes=41, 6s)
seed=2018 seat=0 outcome=loss -> WIN (nodes=47, 8s)
seed=2021 seat=1 outcome=loss -> WIN (nodes=57, 18s)
seed=2027 seat=0 outcome=loss -> WIN (nodes=60, 17s)
seed=2038 seat=0 outcome=loss -> WIN (nodes=45, 6s)
seed=2039 seat=1 outcome=loss -> WIN (nodes=42, 3s)

=== autopsy verdicts ===
{'WIN': 10}
WIN = 1-ply oracle missed a winning line (depth limit)
NO_WIN = unwinnable vs greedy within current move space
