pair   1/40 seed=2000 pattern=LW pair_net=+1 (29s)
pair   2/40 seed=2001 pattern=LW pair_net=+4 (64s)
pair   3/40 seed=2002 pattern=WW pair_net=+5 (218s)
pair   4/40 seed=2003 pattern=LL pair_net=-10 (218s)
pair   5/40 seed=2004 pattern=WW pair_net=+6 (218s)
pair   6/40 seed=2005 pattern=WW pair_net=+3 (218s)
pair   7/40 seed=2006 pattern=LW pair_net=-2 (218s)
pair   8/40 seed=2007 pattern=LL pair_net=-4 (218s)
pair   9/40 seed=2008 pattern=WL pair_net=+0 (218s)
pair  10/40 seed=2009 pattern=WW pair_net=+4 (269s)
pair  11/40 seed=2010 pattern=WL pair_net=+2 (269s)
pair  12/40 seed=2011 pattern=WW pair_net=+7 (583s)
pair  13/40 seed=2012 pattern=LL pair_net=-3 (583s)
pair  14/40 seed=2013 pattern=WW pair_net=+4 (583s)
pair  15/40 seed=2014 pattern=LW pair_net=+2 (583s)
pair  16/40 seed=2015 pattern=WW pair_net=+2 (651s)
pair  17/40 seed=2016 pattern=WW pair_net=+5 (651s)
pair  18/40 seed=2017 pattern=LW pair_net=+0 (651s)
pair  19/40 seed=2018 pattern=LW pair_net=-7 (651s)
pair  20/40 seed=2019 pattern=WW pair_net=+5 (898s)
pair  21/40 seed=2020 pattern=LW pair_net=+2 (898s)
pair  22/40 seed=2021 pattern=WL pair_net=-2 (898s)
pair  23/40 seed=2022 pattern=LL pair_net=-3 (898s)
pair  24/40 seed=2023 pattern=LL pair_net=-5 (1240s)
pair  25/40 seed=2024 pattern=WW pair_net=+4 (1240s)
pair  26/40 seed=2025 pattern=LW pair_net=+2 (1240s)
pair  27/40 seed=2026 pattern=LL pair_net=-6 (1240s)
pair  28/40 seed=2027 pattern=LW pair_net=+2 (1240s)
pair  29/40 seed=2028 pattern=LW pair_net=-1 (1240s)
pair  30/40 seed=2029 pattern=WW pair_net=+3 (1240s)
pair  31/40 seed=2030 pattern=WW pair_net=+3 (1240s)
pair  32/40 seed=2031 pattern=LL pair_net=-7 (1240s)
pair  33/40 seed=2032 pattern=LW pair_net=+0 (1240s)
pair  34/40 seed=2033 pattern=WL pair_net=+0 (1240s)
pair  35/40 seed=2034 pattern=LW pair_net=+3 (1240s)
pair  36/40 seed=2035 pattern=LW pair_net=-4 (1240s)
pair  37/40 seed=2036 pattern=WL pair_net=-1 (1240s)
pair  38/40 seed=2037 pattern=LL pair_net=-8 (1240s)
pair  39/40 seed=2038 pattern=LW pair_net=-2 (1240s)
pair  40/40 seed=2039 pattern=WL pair_net=-2 (1240s)

=== mirror eval: rollout vs greedy-ILP ===
pairs           : 40 (80 games)
win/loss/timeout: 44/36/0
win_rate        : 55.0%
pair patterns   : {'LL': 8, 'LW': 14, 'WL': 6, 'WW': 12}
mean pair net   : +0.05 ± 0.66 (SE)  [>0 means better than greedy]
avg steps/game  : 40.4
elapsed         : 1239.6s (15.49s/game)
