pair   1/120 seed=2040 pattern=WL pair_net=+0 (248s)
pair   2/120 seed=2041 pattern=LL pair_net=-4 (248s)
pair   3/120 seed=2042 pattern=LL pair_net=-6 (248s)
pair   4/120 seed=2043 pattern=LW pair_net=+0 (248s)
pair   5/120 seed=2044 pattern=WW pair_net=+7 (248s)
pair   6/120 seed=2045 pattern=LL pair_net=-7 (248s)
pair   7/120 seed=2046 pattern=WW pair_net=+3 (287s)
pair   8/120 seed=2047 pattern=WL pair_net=+0 (287s)
pair   9/120 seed=2048 pattern=LW pair_net=+3 (287s)
pair  10/120 seed=2049 pattern=LL pair_net=-13 (464s)
pair  11/120 seed=2050 pattern=LL pair_net=-4 (464s)
pair  12/120 seed=2051 pattern=WW pair_net=+4 (464s)
pair  13/120 seed=2052 pattern=LL pair_net=-6 (988s)
pair  14/120 seed=2053 pattern=WW pair_net=+4 (988s)
pair  15/120 seed=2054 pattern=WW pair_net=+3 (988s)
pair  16/120 seed=2055 pattern=LL pair_net=-5 (988s)
pair  17/120 seed=2056 pattern=WL pair_net=+1 (988s)
pair  18/120 seed=2057 pattern=WL pair_net=+0 (988s)
pair  19/120 seed=2058 pattern=WL pair_net=+1 (988s)
pair  20/120 seed=2059 pattern=WL pair_net=+0 (988s)
pair  21/120 seed=2060 pattern=WL pair_net=+0 (988s)
pair  22/120 seed=2061 pattern=LL pair_net=-9 (988s)
pair  23/120 seed=2062 pattern=WL pair_net=+0 (988s)
pair  24/120 seed=2063 pattern=WL pair_net=-3 (1002s)
pair  25/120 seed=2064 pattern=LW pair_net=+2 (1002s)
pair  26/120 seed=2065 pattern=WW pair_net=+4 (1078s)
pair  27/120 seed=2066 pattern=WL pair_net=-3 (1078s)
pair  28/120 seed=2067 pattern=LL pair_net=-3 (1492s)
pair  29/120 seed=2068 pattern=LW pair_net=+2 (1492s)
pair  30/120 seed=2069 pattern=WL pair_net=+0 (1492s)
pair  31/120 seed=2070 pattern=LL pair_net=-2 (1492s)
pair  32/120 seed=2071 pattern=WL pair_net=+0 (1492s)
pair  33/120 seed=2072 pattern=WL pair_net=+0 (1492s)
pair  34/120 seed=2073 pattern=LL pair_net=-3 (1492s)
pair  35/120 seed=2074 pattern=WW pair_net=+3 (1492s)
pair  36/120 seed=2075 pattern=WW pair_net=+4 (1510s)
pair  37/120 seed=2076 pattern=WW pair_net=+3 (1510s)
pair  38/120 seed=2077 pattern=LW pair_net=+1 (1510s)
pair  39/120 seed=2078 pattern=WW pair_net=+6 (1510s)
pair  40/120 seed=2079 pattern=WW pair_net=+2 (1510s)
pair  41/120 seed=2080 pattern=WW pair_net=+6 (1510s)
pair  42/120 seed=2081 pattern=WL pair_net=-1 (1510s)
pair  43/120 seed=2082 pattern=WL pair_net=+1 (1850s)
pair  44/120 seed=2083 pattern=WL pair_net=+0 (1850s)
pair  45/120 seed=2084 pattern=WL pair_net=-1 (1850s)
pair  46/120 seed=2085 pattern=LL pair_net=-9 (1850s)
pair  47/120 seed=2086 pattern=WL pair_net=+1 (1850s)
pair  48/120 seed=2087 pattern=WL pair_net=+1 (1850s)
pair  49/120 seed=2088 pattern=WL pair_net=-4 (1850s)
pair  50/120 seed=2089 pattern=WL pair_net=-2 (1850s)
pair  51/120 seed=2090 pattern=WW pair_net=+7 (2059s)
pair  52/120 seed=2091 pattern=WW pair_net=+3 (2228s)
pair  53/120 seed=2092 pattern=LW pair_net=+3 (2228s)
pair  54/120 seed=2093 pattern=LL pair_net=-4 (2228s)
pair  55/120 seed=2094 pattern=WW pair_net=+5 (2228s)
pair  56/120 seed=2095 pattern=WW pair_net=+5 (2228s)
pair  57/120 seed=2096 pattern=LW pair_net=+0 (2228s)
pair  58/120 seed=2097 pattern=WL pair_net=+1 (2244s)
pair  59/120 seed=2098 pattern=WW pair_net=+5 (2244s)
pair  60/120 seed=2099 pattern=WW pair_net=+6 (2244s)
pair  61/120 seed=2100 pattern=LW pair_net=+2 (2301s)
pair  62/120 seed=2101 pattern=LW pair_net=-3 (3267s)
pair  63/120 seed=2102 pattern=LL pair_net=-3 (3267s)
pair  64/120 seed=2103 pattern=WL pair_net=+1 (3267s)
pair  65/120 seed=2104 pattern=WL pair_net=+0 (3267s)
pair  66/120 seed=2105 pattern=LL pair_net=-4 (3267s)
pair  67/120 seed=2106 pattern=LL pair_net=-2 (3267s)
pair  68/120 seed=2107 pattern=WL pair_net=-1 (3267s)
pair  69/120 seed=2108 pattern=WW pair_net=+4 (3267s)
pair  70/120 seed=2109 pattern=LL pair_net=-4 (3276s)
pair  71/120 seed=2110 pattern=LL pair_net=-3 (3276s)
pair  72/120 seed=2111 pattern=LL pair_net=-9 (3276s)
pair  73/120 seed=2112 pattern=WW pair_net=+5 (3276s)
pair  74/120 seed=2113 pattern=WW pair_net=+4 (3276s)
pair  75/120 seed=2114 pattern=WL pair_net=+2 (3693s)
pair  76/120 seed=2115 pattern=WL pair_net=+0 (3693s)
pair  77/120 seed=2116 pattern=WL pair_net=+1 (3693s)
pair  78/120 seed=2117 pattern=WL pair_net=+2 (3693s)
pair  79/120 seed=2118 pattern=LW pair_net=-1 (3693s)
pair  80/120 seed=2119 pattern=LL pair_net=-4 (3693s)
pair  81/120 seed=2120 pattern=WL pair_net=+1 (3693s)
pair  82/120 seed=2121 pattern=WW pair_net=+4 (3693s)
pair  83/120 seed=2122 pattern=WW pair_net=+2 (3693s)
pair  84/120 seed=2123 pattern=LW pair_net=+1 (3693s)
pair  85/120 seed=2124 pattern=WW pair_net=+4 (3693s)
pair  86/120 seed=2125 pattern=LW pair_net=-2 (3693s)
pair  87/120 seed=2126 pattern=LW pair_net=+1 (3693s)
pair  88/120 seed=2127 pattern=WW pair_net=+6 (3693s)
pair  89/120 seed=2128 pattern=WL pair_net=+0 (3693s)
pair  90/120 seed=2129 pattern=WW pair_net=+11 (3693s)
pair  91/120 seed=2130 pattern=WL pair_net=+0 (3693s)
pair  92/120 seed=2131 pattern=LW pair_net=+1 (3693s)
pair  93/120 seed=2132 pattern=LL pair_net=-4 (3693s)
pair  94/120 seed=2133 pattern=WW pair_net=+4 (3693s)
pair  95/120 seed=2134 pattern=WW pair_net=+2 (3693s)
pair  96/120 seed=2135 pattern=WL pair_net=+0 (3693s)
pair  97/120 seed=2136 pattern=WW pair_net=+4 (4249s)
pair  98/120 seed=2137 pattern=WL pair_net=+0 (4249s)
pair  99/120 seed=2138 pattern=WL pair_net=-1 (4249s)
pair 100/120 seed=2139 pattern=LW pair_net=+0 (4600s)
pair 101/120 seed=2140 pattern=LW pair_net=+0 (4600s)
pair 102/120 seed=2141 pattern=LW pair_net=-3 (4600s)
pair 103/120 seed=2142 pattern=WW pair_net=+2 (4600s)
pair 104/120 seed=2143 pattern=WW pair_net=+6 (4600s)
pair 105/120 seed=2144 pattern=LW pair_net=+0 (4600s)
pair 106/120 seed=2145 pattern=LW pair_net=-1 (4600s)
pair 107/120 seed=2146 pattern=WW pair_net=+5 (4600s)
pair 108/120 seed=2147 pattern=LW pair_net=-4 (4600s)
pair 109/120 seed=2148 pattern=WW pair_net=+9 (4600s)
pair 110/120 seed=2149 pattern=WL pair_net=-1 (4600s)
pair 111/120 seed=2150 pattern=WW pair_net=+5 (4600s)
pair 112/120 seed=2151 pattern=WL pair_net=-2 (4694s)
pair 113/120 seed=2152 pattern=WW pair_net=+4 (4694s)
pair 114/120 seed=2153 pattern=WW pair_net=+5 (4694s)
pair 115/120 seed=2154 pattern=WW pair_net=+5 (4694s)
pair 116/120 seed=2155 pattern=WL pair_net=+1 (4694s)
pair 117/120 seed=2156 pattern=WL pair_net=+2 (4694s)
pair 118/120 seed=2157 pattern=LW pair_net=+0 (4694s)
pair 119/120 seed=2158 pattern=WW pair_net=+7 (4694s)
pair 120/120 seed=2159 pattern=WW pair_net=+8 (4784s)

=== mirror eval: rollout vs greedy-ILP ===
pairs           : 120 (240 games)
win/loss/timeout: 138/102/0
win_rate        : 57.5%
pair patterns   : {'LL': 21, 'LW': 21, 'WL': 39, 'WW': 39}
mean pair net   : +0.64 ± 0.36 (SE)  [>0 means better than greedy]
avg steps/game  : 38.6
elapsed         : 4784.3s (19.93s/game)
