pair   1/160 seed=2000 pattern=LW pair_net=-1 (226s)
pair   2/160 seed=2001 pattern=LW pair_net=-2 (609s)
pair   3/160 seed=2002 pattern=WL pair_net=+0 (609s)
pair   4/160 seed=2003 pattern=LW pair_net=-1 (609s)
pair   5/160 seed=2004 pattern=WW pair_net=+10 (609s)
pair   6/160 seed=2005 pattern=WL pair_net=+0 (609s)
pair   7/160 seed=2006 pattern=LW pair_net=-5 (609s)
pair   8/160 seed=2007 pattern=LW pair_net=+1 (609s)
pair   9/160 seed=2008 pattern=WW pair_net=+5 (938s)
pair  10/160 seed=2009 pattern=WL pair_net=+0 (938s)
pair  11/160 seed=2010 pattern=LL pair_net=-6 (938s)
pair  12/160 seed=2011 pattern=LL pair_net=-7 (938s)
pair  13/160 seed=2012 pattern=WW pair_net=+8 (938s)
pair  14/160 seed=2013 pattern=LW pair_net=+0 (938s)
pair  15/160 seed=2014 pattern=WW pair_net=+2 (1094s)
pair  16/160 seed=2015 pattern=LW pair_net=-2 (1219s)
pair  17/160 seed=2016 pattern=LW pair_net=+0 (1356s)
pair  18/160 seed=2017 pattern=LW pair_net=+0 (1356s)
pair  19/160 seed=2018 pattern=LL pair_net=-8 (1356s)
pair  20/160 seed=2019 pattern=WW pair_net=+5 (1723s)
pair  21/160 seed=2020 pattern=LW pair_net=-1 (1723s)
pair  22/160 seed=2021 pattern=WL pair_net=-4 (1723s)
pair  23/160 seed=2022 pattern=LW pair_net=+1 (1723s)
pair  24/160 seed=2023 pattern=WL pair_net=-1 (1723s)
pair  25/160 seed=2024 pattern=LL pair_net=-6 (1723s)
pair  26/160 seed=2025 pattern=LL pair_net=-5 (1742s)
pair  27/160 seed=2026 pattern=WL pair_net=-2 (1921s)
pair  28/160 seed=2027 pattern=LW pair_net=+3 (1921s)
pair  29/160 seed=2028 pattern=LL pair_net=-4 (2532s)
pair  30/160 seed=2029 pattern=WL pair_net=-2 (2532s)
pair  31/160 seed=2030 pattern=WW pair_net=+2 (2532s)
pair  32/160 seed=2031 pattern=WW pair_net=+7 (2532s)
pair  33/160 seed=2032 pattern=LL pair_net=-3 (2532s)
pair  34/160 seed=2033 pattern=LL pair_net=-3 (2532s)
pair  35/160 seed=2034 pattern=LL pair_net=-4 (2532s)
pair  36/160 seed=2035 pattern=LL pair_net=-12 (2595s)
pair  37/160 seed=2036 pattern=WW pair_net=+5 (2595s)
pair  38/160 seed=2037 pattern=WL pair_net=-1 (2595s)
pair  39/160 seed=2038 pattern=LW pair_net=-1 (2610s)
pair  40/160 seed=2039 pattern=WL pair_net=+0 (2677s)
pair  41/160 seed=2040 pattern=WW pair_net=+6 (2893s)
pair  42/160 seed=2041 pattern=LL pair_net=-5 (2944s)
pair  43/160 seed=2042 pattern=LL pair_net=-4 (2944s)
pair  44/160 seed=2043 pattern=LL pair_net=-5 (3058s)
pair  45/160 seed=2044 pattern=WW pair_net=+6 (3058s)
pair  46/160 seed=2045 pattern=LW pair_net=-1 (3109s)
pair  47/160 seed=2046 pattern=WL pair_net=-1 (3181s)
pair  48/160 seed=2047 pattern=WL pair_net=+3 (3181s)
pair  49/160 seed=2048 pattern=LW pair_net=+2 (3260s)
pair  50/160 seed=2049 pattern=LL pair_net=-5 (3260s)
pair  51/160 seed=2050 pattern=LW pair_net=-2 (3323s)
pair  52/160 seed=2051 pattern=LL pair_net=-8 (3398s)
pair  53/160 seed=2052 pattern=LL pair_net=-6 (3499s)
pair  54/160 seed=2053 pattern=WL pair_net=+0 (3725s)
pair  55/160 seed=2054 pattern=LW pair_net=+2 (3725s)
pair  56/160 seed=2055 pattern=WL pair_net=+0 (3725s)
pair  57/160 seed=2056 pattern=WW pair_net=+7 (3725s)
pair  58/160 seed=2057 pattern=LL pair_net=-6 (3733s)
pair  59/160 seed=2058 pattern=WL pair_net=-1 (3916s)
pair  60/160 seed=2059 pattern=LL pair_net=-5 (3916s)
pair  61/160 seed=2060 pattern=LL pair_net=-12 (3916s)
pair  62/160 seed=2061 pattern=WL pair_net=+0 (3916s)
pair  63/160 seed=2062 pattern=LW pair_net=+0 (3974s)
pair  64/160 seed=2063 pattern=WW pair_net=+3 (3987s)
pair  65/160 seed=2064 pattern=LW pair_net=-1 (3987s)
pair  66/160 seed=2065 pattern=WW pair_net=+2 (4161s)
pair  67/160 seed=2066 pattern=WL pair_net=+0 (4161s)
pair  68/160 seed=2067 pattern=WW pair_net=+4 (4328s)
pair  69/160 seed=2068 pattern=LW pair_net=-3 (4328s)
pair  70/160 seed=2069 pattern=WL pair_net=+0 (4502s)
pair  71/160 seed=2070 pattern=WW pair_net=+2 (4502s)
pair  72/160 seed=2071 pattern=WL pair_net=+1 (4502s)
pair  73/160 seed=2072 pattern=LW pair_net=+4 (4502s)
pair  74/160 seed=2073 pattern=WL pair_net=+0 (4502s)
pair  75/160 seed=2074 pattern=LL pair_net=-6 (4502s)
pair  76/160 seed=2075 pattern=LL pair_net=-8 (4502s)
pair  77/160 seed=2076 pattern=LL pair_net=-4 (4502s)
pair  78/160 seed=2077 pattern=LW pair_net=+0 (4587s)
pair  79/160 seed=2078 pattern=LL pair_net=-3 (4629s)
pair  80/160 seed=2079 pattern=WL pair_net=-3 (4629s)
pair  81/160 seed=2080 pattern=WW pair_net=+2 (4886s)
pair  82/160 seed=2081 pattern=WW pair_net=+5 (4886s)
pair  83/160 seed=2082 pattern=WL pair_net=+0 (4886s)
pair  84/160 seed=2083 pattern=LL pair_net=-3 (5019s)
pair  85/160 seed=2084 pattern=WL pair_net=+1 (5019s)
pair  86/160 seed=2085 pattern=WW pair_net=+5 (5019s)
pair  87/160 seed=2086 pattern=LL pair_net=-6 (5019s)
pair  88/160 seed=2087 pattern=WL pair_net=-2 (5019s)
pair  89/160 seed=2088 pattern=LL pair_net=-7 (5181s)
pair  90/160 seed=2089 pattern=WL pair_net=+0 (5181s)
pair  91/160 seed=2090 pattern=WL pair_net=+0 (5199s)
pair  92/160 seed=2091 pattern=WL pair_net=+0 (5227s)
pair  93/160 seed=2092 pattern=LL pair_net=-5 (5398s)
pair  94/160 seed=2093 pattern=WL pair_net=-2 (5449s)
pair  95/160 seed=2094 pattern=LL pair_net=-5 (5449s)
pair  96/160 seed=2095 pattern=LW pair_net=+0 (5449s)
pair  97/160 seed=2096 pattern=LL pair_net=-4 (5449s)
pair  98/160 seed=2097 pattern=WL pair_net=+1 (5608s)
pair  99/160 seed=2098 pattern=LL pair_net=-3 (5608s)
pair 100/160 seed=2099 pattern=WL pair_net=-1 (5608s)
pair 101/160 seed=2100 pattern=LW pair_net=+1 (5768s)
pair 102/160 seed=2101 pattern=WW pair_net=+7 (5776s)
pair 103/160 seed=2102 pattern=LW pair_net=-1 (5989s)
pair 104/160 seed=2103 pattern=WL pair_net=+1 (5989s)
pair 105/160 seed=2104 pattern=WL pair_net=-1 (5989s)
pair 106/160 seed=2105 pattern=WW pair_net=+4 (5989s)
pair 107/160 seed=2106 pattern=WL pair_net=+0 (5989s)
pair 108/160 seed=2107 pattern=WL pair_net=+0 (6149s)
pair 109/160 seed=2108 pattern=WL pair_net=+0 (6149s)
pair 110/160 seed=2109 pattern=LW pair_net=+0 (6201s)
pair 111/160 seed=2110 pattern=LW pair_net=+0 (6201s)
pair 112/160 seed=2111 pattern=WL pair_net=+2 (6404s)
pair 113/160 seed=2112 pattern=LL pair_net=-2 (6449s)
pair 114/160 seed=2113 pattern=WL pair_net=-3 (6499s)
pair 115/160 seed=2114 pattern=WL pair_net=+0 (6499s)
pair 116/160 seed=2115 pattern=LL pair_net=-4 (6499s)
pair 117/160 seed=2116 pattern=LW pair_net=+0 (6537s)
/opt/homebrew/Caskroom/miniconda/base/envs/rummikub/lib/python3.11/multiprocessing/resource_tracker.py:254: UserWarning: resource_tracker: There appear to be 5 leaked semaphore objects to clean up at shutdown
  warnings.warn('resource_tracker: There appear to be %d '
