pair   1/43 seed=2117 pattern=WL pair_net=+0 (830s)
pair   2/43 seed=2118 pattern=LL pair_net=-7 (830s)
pair   3/43 seed=2119 pattern=LL pair_net=-4 (830s)
pair   4/43 seed=2120 pattern=WL pair_net=-1 (830s)
pair   5/43 seed=2121 pattern=WW pair_net=+6 (830s)
pair   6/43 seed=2122 pattern=WL pair_net=+2 (830s)
pair   7/43 seed=2123 pattern=LL pair_net=-8 (830s)
pair   8/43 seed=2124 pattern=LL pair_net=-4 (1049s)
pair   9/43 seed=2125 pattern=WW pair_net=+5 (1049s)
pair  10/43 seed=2126 pattern=WL pair_net=+0 (1220s)
pair  11/43 seed=2127 pattern=LL pair_net=-4 (1220s)
pair  12/43 seed=2128 pattern=LL pair_net=-3 (1220s)
pair  13/43 seed=2129 pattern=LW pair_net=-1 (1220s)
pair  14/43 seed=2130 pattern=WL pair_net=-1 (1270s)
pair  15/43 seed=2131 pattern=WW pair_net=+3 (1330s)
pair  16/43 seed=2132 pattern=LL pair_net=-3 (1459s)
pair  17/43 seed=2133 pattern=LL pair_net=-4 (1661s)
pair  18/43 seed=2134 pattern=WW pair_net=+5 (1733s)
pair  19/43 seed=2135 pattern=WW pair_net=+2 (1806s)
pair  20/43 seed=2136 pattern=WL pair_net=+0 (2213s)
pair  21/43 seed=2137 pattern=LL pair_net=-3 (2213s)
pair  22/43 seed=2138 pattern=LW pair_net=+0 (2213s)
pair  23/43 seed=2139 pattern=WW pair_net=+3 (2213s)
pair  24/43 seed=2140 pattern=LW pair_net=-1 (2213s)
pair  25/43 seed=2141 pattern=WW pair_net=+9 (2246s)
pair  26/43 seed=2142 pattern=WL pair_net=+0 (2246s)
pair  27/43 seed=2143 pattern=LW pair_net=-1 (2563s)
pair  28/43 seed=2144 pattern=LW pair_net=-1 (2591s)
pair  29/43 seed=2145 pattern=WW pair_net=+3 (2732s)
pair  30/43 seed=2146 pattern=LW pair_net=+2 (2732s)
pair  31/43 seed=2147 pattern=WL pair_net=-5 (2937s)
pair  32/43 seed=2148 pattern=WW pair_net=+4 (2937s)
pair  33/43 seed=2149 pattern=WW pair_net=+4 (2937s)
pair  34/43 seed=2150 pattern=LW pair_net=+1 (2937s)
pair  35/43 seed=2151 pattern=LW pair_net=+2 (3502s)
pair  36/43 seed=2152 pattern=LL pair_net=-3 (3502s)
pair  37/43 seed=2153 pattern=LL pair_net=-2 (3502s)
pair  38/43 seed=2154 pattern=LW pair_net=+1 (3502s)
pair  39/43 seed=2155 pattern=WL pair_net=-1 (3594s)
pair  40/43 seed=2156 pattern=WW pair_net=+6 (3594s)
pair  41/43 seed=2157 pattern=LW pair_net=+0 (3594s)
pair  42/43 seed=2158 pattern=WW pair_net=+3 (3594s)
pair  43/43 seed=2159 pattern=WW pair_net=+6 (3594s)

=== mirror eval: rollout vs greedy-ILP ===
pairs           : 43 (86 games)
win/loss/timeout: 45/41/0
win_rate        : 52.3%
pair patterns   : {'LL': 11, 'LW': 10, 'WL': 9, 'WW': 13}
mean pair net   : +0.23 ± 0.56 (SE)  [>0 means better than greedy]
avg steps/game  : 39.6
elapsed         : 3593.9s (41.79s/game)
