pair   1/40 seed=2000 pattern=LW pair_net=+0 (7s)
pair   2/40 seed=2001 pattern=LW pair_net=-1 (15s)
pair   3/40 seed=2002 pattern=WL pair_net=+2 (20s)
pair   4/40 seed=2003 pattern=WW pair_net=+9 (20s)
pair   5/40 seed=2004 pattern=LW pair_net=+0 (20s)
pair   6/40 seed=2005 pattern=LW pair_net=+0 (20s)
pair   7/40 seed=2006 pattern=LW pair_net=+0 (23s)
pair   8/40 seed=2007 pattern=WL pair_net=+0 (23s)
pair   9/40 seed=2008 pattern=WL pair_net=+0 (23s)
pair  10/40 seed=2009 pattern=LW pair_net=+0 (26s)
pair  11/40 seed=2010 pattern=LW pair_net=+0 (26s)
pair  12/40 seed=2011 pattern=LW pair_net=+0 (29s)
pair  13/40 seed=2012 pattern=WL pair_net=+0 (34s)
pair  14/40 seed=2013 pattern=LL pair_net=-2 (34s)
pair  15/40 seed=2014 pattern=LL pair_net=-2 (41s)
pair  16/40 seed=2015 pattern=LW pair_net=+0 (41s)
pair  17/40 seed=2016 pattern=LW pair_net=+0 (48s)
pair  18/40 seed=2017 pattern=WW pair_net=+2 (48s)
pair  19/40 seed=2018 pattern=LW pair_net=+0 (48s)
pair  20/40 seed=2019 pattern=LW pair_net=+0 (72s)
pair  21/40 seed=2020 pattern=LW pair_net=+0 (72s)
pair  22/40 seed=2021 pattern=WL pair_net=+0 (72s)
pair  23/40 seed=2022 pattern=LW pair_net=+0 (72s)
pair  24/40 seed=2023 pattern=LL pair_net=-5 (72s)
pair  25/40 seed=2024 pattern=LL pair_net=-4 (72s)
pair  26/40 seed=2025 pattern=LW pair_net=+0 (72s)
pair  27/40 seed=2026 pattern=WL pair_net=+0 (72s)
pair  28/40 seed=2027 pattern=LW pair_net=+0 (72s)
pair  29/40 seed=2028 pattern=LW pair_net=-6 (72s)
pair  30/40 seed=2029 pattern=WL pair_net=+0 (72s)
pair  31/40 seed=2030 pattern=LW pair_net=+0 (84s)
pair  32/40 seed=2031 pattern=LW pair_net=+0 (84s)
pair  33/40 seed=2032 pattern=LW pair_net=+0 (84s)
pair  34/40 seed=2033 pattern=LL pair_net=-3 (84s)
pair  35/40 seed=2034 pattern=WW pair_net=+3 (84s)
pair  36/40 seed=2035 pattern=LW pair_net=+0 (84s)
pair  37/40 seed=2036 pattern=LL pair_net=-4 (84s)
pair  38/40 seed=2037 pattern=WL pair_net=-5 (84s)
pair  39/40 seed=2038 pattern=LW pair_net=-2 (84s)
pair  40/40 seed=2039 pattern=WL pair_net=+0 (84s)

=== mirror eval: greedy vs greedy-ILP ===
pairs           : 40 (80 games)
win/loss/timeout: 37/43/0
win_rate        : 46.2%
pair patterns   : {'LL': 6, 'LW': 22, 'WL': 9, 'WW': 3}
mean pair net   : -0.45 ± 0.38 (SE)  [>0 means better than greedy]
avg steps/game  : 39.1
elapsed         : 84.3s (1.05s/game)
