pair   1/40 seed=2000 pattern=LW pair_net=+0 (46s)
pair   2/40 seed=2001 pattern=LL pair_net=-3 (61s)
pair   3/40 seed=2002 pattern=WL pair_net=+1 (62s)
pair   4/40 seed=2003 pattern=LW pair_net=+1 (79s)
pair   5/40 seed=2004 pattern=WW pair_net=+3 (79s)
pair   6/40 seed=2005 pattern=LW pair_net=+1 (79s)
pair   7/40 seed=2006 pattern=LW pair_net=+0 (79s)
pair   8/40 seed=2007 pattern=WW pair_net=+2 (79s)
pair   9/40 seed=2008 pattern=WL pair_net=+2 (79s)
pair  10/40 seed=2009 pattern=WL pair_net=+1 (80s)
pair  11/40 seed=2010 pattern=LL pair_net=-3 (83s)
pair  12/40 seed=2011 pattern=WL pair_net=-2 (105s)
pair  13/40 seed=2012 pattern=WL pair_net=+1 (105s)
pair  14/40 seed=2013 pattern=LL pair_net=-3 (105s)
pair  15/40 seed=2014 pattern=WW pair_net=+3 (143s)
pair  16/40 seed=2015 pattern=LL pair_net=-3 (143s)
pair  17/40 seed=2016 pattern=LL pair_net=-3 (174s)
pair  18/40 seed=2017 pattern=WW pair_net=+2 (174s)
pair  19/40 seed=2018 pattern=LW pair_net=-6 (174s)
pair  20/40 seed=2019 pattern=LW pair_net=+0 (281s)
pair  21/40 seed=2020 pattern=WW pair_net=+4 (281s)
pair  22/40 seed=2021 pattern=WL pair_net=-3 (281s)
pair  23/40 seed=2022 pattern=LL pair_net=-3 (281s)
pair  24/40 seed=2023 pattern=LW pair_net=+0 (290s)
pair  25/40 seed=2024 pattern=WW pair_net=+4 (290s)
pair  26/40 seed=2025 pattern=LW pair_net=+1 (290s)
pair  27/40 seed=2026 pattern=WL pair_net=-1 (290s)
pair  28/40 seed=2027 pattern=LW pair_net=+0 (290s)
pair  29/40 seed=2028 pattern=WW pair_net=+6 (290s)
pair  30/40 seed=2029 pattern=LL pair_net=-3 (290s)
pair  31/40 seed=2030 pattern=WW pair_net=+3 (290s)
pair  32/40 seed=2031 pattern=WW pair_net=+3 (290s)
pair  33/40 seed=2032 pattern=WL pair_net=-1 (290s)
pair  34/40 seed=2033 pattern=WL pair_net=+0 (290s)
pair  35/40 seed=2034 pattern=LW pair_net=+2 (290s)
pair  36/40 seed=2035 pattern=WL pair_net=-4 (290s)
pair  37/40 seed=2036 pattern=WL pair_net=-3 (290s)
pair  38/40 seed=2037 pattern=WW pair_net=+3 (290s)
pair  39/40 seed=2038 pattern=LW pair_net=-2 (298s)
pair  40/40 seed=2039 pattern=LL pair_net=-5 (298s)

=== mirror eval: rollout vs greedy-ILP ===
pairs           : 40 (80 games)
win/loss/timeout: 42/38/0
win_rate        : 52.5%
pair patterns   : {'LL': 8, 'LW': 11, 'WL': 11, 'WW': 10}
mean pair net   : -0.12 ± 0.44 (SE)  [>0 means better than greedy]
avg steps/game  : 40.8
elapsed         : 297.6s (3.72s/game)
