pair   1/40 seed=2000 pattern=LW pair_net=+2 (19s)
pair   2/40 seed=2001 pattern=LW pair_net=-1 (41s)
pair   3/40 seed=2002 pattern=WL pair_net=-1 (41s)
pair   4/40 seed=2003 pattern=WW pair_net=+12 (41s)
pair   5/40 seed=2004 pattern=LL pair_net=-3 (41s)
pair   6/40 seed=2005 pattern=LW pair_net=+4 (41s)
pair   7/40 seed=2006 pattern=WW pair_net=+4 (41s)
pair   8/40 seed=2007 pattern=LL pair_net=-6 (41s)
pair   9/40 seed=2008 pattern=LL pair_net=-6 (41s)
pair  10/40 seed=2009 pattern=LL pair_net=-5 (41s)
pair  11/40 seed=2010 pattern=LW pair_net=+0 (41s)
pair  12/40 seed=2011 pattern=WL pair_net=-3 (50s)
pair  13/40 seed=2012 pattern=LW pair_net=+2 (54s)
pair  14/40 seed=2013 pattern=LL pair_net=-2 (54s)
pair  15/40 seed=2014 pattern=LW pair_net=+1 (66s)
pair  16/40 seed=2015 pattern=WL pair_net=+1 (66s)
pair  17/40 seed=2016 pattern=LL pair_net=-6 (69s)
pair  18/40 seed=2017 pattern=LW pair_net=+0 (69s)
pair  19/40 seed=2018 pattern=LW pair_net=-7 (69s)
pair  20/40 seed=2019 pattern=WW pair_net=+3 (137s)
pair  21/40 seed=2020 pattern=WL pair_net=-4 (137s)
pair  22/40 seed=2021 pattern=WL pair_net=-1 (137s)
pair  23/40 seed=2022 pattern=LW pair_net=-2 (137s)
pair  24/40 seed=2023 pattern=WW pair_net=+3 (137s)
pair  25/40 seed=2024 pattern=LL pair_net=-4 (137s)
pair  26/40 seed=2025 pattern=LW pair_net=+0 (137s)
pair  27/40 seed=2026 pattern=LW pair_net=+3 (137s)
pair  28/40 seed=2027 pattern=LW pair_net=+3 (137s)
pair  29/40 seed=2028 pattern=LW pair_net=-5 (137s)
pair  30/40 seed=2029 pattern=WL pair_net=+0 (137s)
pair  31/40 seed=2030 pattern=LW pair_net=+1 (137s)
pair  32/40 seed=2031 pattern=LW pair_net=+0 (137s)
pair  33/40 seed=2032 pattern=WL pair_net=-1 (137s)
pair  34/40 seed=2033 pattern=LL pair_net=-2 (137s)
pair  35/40 seed=2034 pattern=WW pair_net=+3 (137s)
pair  36/40 seed=2035 pattern=LW pair_net=+0 (137s)
pair  37/40 seed=2036 pattern=LL pair_net=-4 (137s)
pair  38/40 seed=2037 pattern=WL pair_net=+0 (137s)
pair  39/40 seed=2038 pattern=LW pair_net=+0 (137s)
pair  40/40 seed=2039 pattern=WL pair_net=+0 (138s)

=== mirror eval: rollout vs greedy-ILP ===
pairs           : 40 (80 games)
win/loss/timeout: 36/44/0
win_rate        : 45.0%
pair patterns   : {'LL': 9, 'LW': 17, 'WL': 9, 'WW': 5}
mean pair net   : -0.53 ± 0.57 (SE)  [>0 means better than greedy]
avg steps/game  : 39.7
elapsed         : 138.3s (1.73s/game)
