pair   1/40 seed=2000 pattern=LW pair_net=+2 (127s)
pair   2/40 seed=2001 pattern=LW pair_net=+7 (127s)
pair   3/40 seed=2002 pattern=WW pair_net=+5 (277s)
pair   4/40 seed=2003 pattern=LL pair_net=-12 (277s)
pair   5/40 seed=2004 pattern=WW pair_net=+7 (277s)
pair   6/40 seed=2005 pattern=WW pair_net=+3 (277s)
pair   7/40 seed=2006 pattern=LW pair_net=-2 (277s)
pair   8/40 seed=2007 pattern=LL pair_net=-4 (277s)
pair   9/40 seed=2008 pattern=LL pair_net=-6 (277s)
pair  10/40 seed=2009 pattern=WW pair_net=+4 (472s)
pair  11/40 seed=2010 pattern=WL pair_net=+1 (472s)
pair  12/40 seed=2011 pattern=LW pair_net=-3 (472s)
pair  13/40 seed=2012 pattern=WW pair_net=+6 (472s)
pair  14/40 seed=2013 pattern=LL pair_net=-3 (472s)
pair  15/40 seed=2014 pattern=WW pair_net=+6 (796s)
pair  16/40 seed=2015 pattern=WL pair_net=+1 (796s)
pair  17/40 seed=2016 pattern=LW pair_net=-2 (796s)
pair  18/40 seed=2017 pattern=LW pair_net=+0 (796s)
pair  19/40 seed=2018 pattern=LW pair_net=-6 (796s)
pair  20/40 seed=2019 pattern=WW pair_net=+3 (1221s)
pair  21/40 seed=2020 pattern=LW pair_net=+2 (1221s)
pair  22/40 seed=2021 pattern=WL pair_net=-1 (1221s)
pair  23/40 seed=2022 pattern=LW pair_net=+0 (1221s)
pair  24/40 seed=2023 pattern=LL pair_net=-5 (1221s)
pair  25/40 seed=2024 pattern=WW pair_net=+2 (1221s)
pair  26/40 seed=2025 pattern=LW pair_net=+0 (1221s)
pair  27/40 seed=2026 pattern=LL pair_net=-5 (1221s)
pair  28/40 seed=2027 pattern=LW pair_net=+1 (1221s)
pair  29/40 seed=2028 pattern=LW pair_net=-6 (1221s)
pair  30/40 seed=2029 pattern=WL pair_net=-2 (1221s)
pair  31/40 seed=2030 pattern=LW pair_net=-1 (1221s)
pair  32/40 seed=2031 pattern=WW pair_net=+5 (1221s)
pair  33/40 seed=2032 pattern=LW pair_net=-1 (1221s)
pair  34/40 seed=2033 pattern=LW pair_net=+0 (1221s)
pair  35/40 seed=2034 pattern=LW pair_net=+4 (1221s)
pair  36/40 seed=2035 pattern=WW pair_net=+2 (1221s)
pair  37/40 seed=2036 pattern=WL pair_net=+0 (1221s)
pair  38/40 seed=2037 pattern=WL pair_net=-4 (1221s)
pair  39/40 seed=2038 pattern=LW pair_net=+0 (1221s)
pair  40/40 seed=2039 pattern=WL pair_net=-2 (1257s)

=== mirror eval: rollout vs greedy-ILP ===
pairs           : 40 (80 games)
win/loss/timeout: 44/36/0
win_rate        : 55.0%
pair patterns   : {'LL': 6, 'LW': 17, 'WL': 7, 'WW': 10}
mean pair net   : -0.10 ± 0.65 (SE)  [>0 means better than greedy]
avg steps/game  : 40.1
elapsed         : 1257.4s (15.72s/game)
