pair   1/40 seed=2000 pattern=LW pair_net=+1 (390s)
pair   2/40 seed=2001 pattern=LW pair_net=-1 (390s)
pair   3/40 seed=2002 pattern=WW pair_net=+3 (390s)
pair   4/40 seed=2003 pattern=LW pair_net=+0 (449s)
pair   5/40 seed=2004 pattern=WW pair_net=+3 (449s)
pair   6/40 seed=2005 pattern=WL pair_net=+0 (449s)
pair   7/40 seed=2006 pattern=WW pair_net=+6 (449s)
pair   8/40 seed=2007 pattern=WW pair_net=+4 (449s)
pair   9/40 seed=2008 pattern=WL pair_net=-1 (505s)
pair  10/40 seed=2009 pattern=WL pair_net=+0 (904s)
pair  11/40 seed=2010 pattern=LL pair_net=-6 (904s)
pair  12/40 seed=2011 pattern=WL pair_net=+0 (904s)
pair  13/40 seed=2012 pattern=WW pair_net=+7 (904s)
pair  14/40 seed=2013 pattern=WL pair_net=+0 (904s)
pair  15/40 seed=2014 pattern=LL pair_net=-2 (904s)
pair  16/40 seed=2015 pattern=WL pair_net=+2 (904s)
pair  17/40 seed=2016 pattern=LW pair_net=+0 (904s)
pair  18/40 seed=2017 pattern=WW pair_net=+6 (904s)
pair  19/40 seed=2018 pattern=LL pair_net=-3 (904s)
pair  20/40 seed=2019 pattern=WW pair_net=+4 (1608s)
pair  21/40 seed=2020 pattern=LW pair_net=+1 (1608s)
pair  22/40 seed=2021 pattern=WL pair_net=-2 (1608s)
pair  23/40 seed=2022 pattern=LL pair_net=-4 (1608s)
pair  24/40 seed=2023 pattern=LL pair_net=-4 (1608s)
pair  25/40 seed=2024 pattern=LW pair_net=+1 (1608s)
pair  26/40 seed=2025 pattern=LW pair_net=+1 (1608s)
pair  27/40 seed=2026 pattern=WL pair_net=+3 (1608s)
pair  28/40 seed=2027 pattern=LW pair_net=+2 (1608s)
pair  29/40 seed=2028 pattern=LL pair_net=-6 (1608s)
pair  30/40 seed=2029 pattern=LL pair_net=-3 (1608s)
pair  31/40 seed=2030 pattern=WW pair_net=+2 (1608s)
pair  32/40 seed=2031 pattern=LW pair_net=-1 (1608s)
pair  33/40 seed=2032 pattern=WL pair_net=-4 (1608s)
pair  34/40 seed=2033 pattern=WL pair_net=-1 (1608s)
pair  35/40 seed=2034 pattern=WW pair_net=+3 (1608s)
pair  36/40 seed=2035 pattern=WW pair_net=+12 (1608s)
pair  37/40 seed=2036 pattern=WW pair_net=+4 (1608s)
pair  38/40 seed=2037 pattern=WW pair_net=+2 (1635s)
pair  39/40 seed=2038 pattern=LW pair_net=+0 (1635s)
pair  40/40 seed=2039 pattern=WL pair_net=+0 (1797s)

=== mirror eval: rollout vs greedy-ILP ===
pairs           : 40 (80 games)
win/loss/timeout: 45/35/0
win_rate        : 56.2%
pair patterns   : {'LL': 7, 'LW': 10, 'WL': 11, 'WW': 12}
mean pair net   : +0.72 ± 0.56 (SE)  [>0 means better than greedy]
avg steps/game  : 40.5
elapsed         : 1797.0s (22.46s/game)
