pair   1/120 seed=2040 pattern=LW pair_net=+0 (126s)
pair   2/120 seed=2041 pattern=LW pair_net=-2 (126s)
pair   3/120 seed=2042 pattern=LW pair_net=-3 (126s)
pair   4/120 seed=2043 pattern=LW pair_net=+0 (126s)
pair   5/120 seed=2044 pattern=WL pair_net=-1 (167s)
pair   6/120 seed=2045 pattern=WW pair_net=+2 (709s)
pair   7/120 seed=2046 pattern=LW pair_net=+0 (709s)
pair   8/120 seed=2047 pattern=WL pair_net=+1 (709s)
pair   9/120 seed=2048 pattern=WW pair_net=+6 (709s)
pair  10/120 seed=2049 pattern=WW pair_net=+3 (709s)
pair  11/120 seed=2050 pattern=WW pair_net=+3 (709s)
pair  12/120 seed=2051 pattern=LW pair_net=-1 (709s)
pair  13/120 seed=2052 pattern=WL pair_net=-1 (709s)
pair  14/120 seed=2053 pattern=WW pair_net=+2 (709s)
pair  15/120 seed=2054 pattern=WW pair_net=+5 (1002s)
pair  16/120 seed=2055 pattern=WW pair_net=+6 (1002s)
pair  17/120 seed=2056 pattern=WW pair_net=+8 (1002s)
pair  18/120 seed=2057 pattern=WL pair_net=+3 (1002s)
pair  19/120 seed=2058 pattern=WL pair_net=+5 (1002s)
pair  20/120 seed=2059 pattern=WL pair_net=+6 (1002s)
pair  21/120 seed=2060 pattern=LW pair_net=-1 (1002s)
pair  22/120 seed=2061 pattern=WL pair_net=+0 (1002s)
pair  23/120 seed=2062 pattern=WL pair_net=+0 (1002s)
pair  24/120 seed=2063 pattern=LW pair_net=-2 (1002s)
pair  25/120 seed=2064 pattern=LW pair_net=-1 (1002s)
pair  26/120 seed=2065 pattern=WW pair_net=+5 (1300s)
pair  27/120 seed=2066 pattern=WL pair_net=+0 (1300s)
pair  28/120 seed=2067 pattern=LW pair_net=-3 (1300s)
pair  29/120 seed=2068 pattern=LW pair_net=+0 (1300s)
pair  30/120 seed=2069 pattern=WL pair_net=+1 (1300s)
pair  31/120 seed=2070 pattern=WW pair_net=+5 (1300s)
pair  32/120 seed=2071 pattern=LL pair_net=-6 (1300s)
pair  33/120 seed=2072 pattern=WW pair_net=+4 (1300s)
pair  34/120 seed=2073 pattern=WL pair_net=+0 (1300s)
pair  35/120 seed=2074 pattern=LW pair_net=+0 (1300s)
pair  36/120 seed=2075 pattern=WW pair_net=+4 (1300s)
pair  37/120 seed=2076 pattern=WL pair_net=+0 (1300s)
pair  38/120 seed=2077 pattern=LL pair_net=-3 (1300s)
pair  39/120 seed=2078 pattern=LL pair_net=-4 (1300s)
pair  40/120 seed=2079 pattern=WW pair_net=+4 (1300s)
pair  41/120 seed=2080 pattern=WW pair_net=+5 (1300s)
pair  42/120 seed=2081 pattern=WW pair_net=+8 (1300s)
pair  43/120 seed=2082 pattern=LW pair_net=+5 (2275s)
pair  44/120 seed=2083 pattern=WW pair_net=+3 (2275s)
pair  45/120 seed=2084 pattern=WW pair_net=+4 (2275s)
pair  46/120 seed=2085 pattern=LW pair_net=+0 (2275s)
pair  47/120 seed=2086 pattern=WL pair_net=-3 (2275s)
pair  48/120 seed=2087 pattern=WL pair_net=+0 (2275s)
pair  49/120 seed=2088 pattern=WW pair_net=+4 (2275s)
pair  50/120 seed=2089 pattern=WL pair_net=+3 (2275s)
pair  51/120 seed=2090 pattern=LL pair_net=-5 (2275s)
pair  52/120 seed=2091 pattern=LW pair_net=+2 (2275s)
pair  53/120 seed=2092 pattern=WW pair_net=+2 (2275s)
pair  54/120 seed=2093 pattern=WL pair_net=-1 (2275s)
pair  55/120 seed=2094 pattern=WW pair_net=+2 (2275s)
pair  56/120 seed=2095 pattern=LW pair_net=-3 (2275s)
pair  57/120 seed=2096 pattern=LW pair_net=+0 (2275s)
pair  58/120 seed=2097 pattern=WL pair_net=-2 (2275s)
pair  59/120 seed=2098 pattern=WL pair_net=+0 (2275s)
pair  60/120 seed=2099 pattern=WL pair_net=+3 (2275s)
pair  61/120 seed=2100 pattern=LW pair_net=+0 (2275s)
pair  62/120 seed=2101 pattern=LW pair_net=+2 (2275s)
pair  63/120 seed=2102 pattern=LW pair_net=+3 (2275s)
pair  64/120 seed=2103 pattern=WW pair_net=+3 (2275s)
pair  65/120 seed=2104 pattern=WW pair_net=+5 (2275s)
pair  66/120 seed=2105 pattern=LL pair_net=-8 (2275s)
pair  67/120 seed=2106 pattern=LL pair_net=-4 (2275s)
pair  68/120 seed=2107 pattern=WL pair_net=-1 (2275s)
pair  69/120 seed=2108 pattern=WW pair_net=+2 (2275s)
pair  70/120 seed=2109 pattern=WL pair_net=+1 (2474s)
pair  71/120 seed=2110 pattern=LW pair_net=+1 (2474s)
pair  72/120 seed=2111 pattern=LW pair_net=+5 (2474s)
pair  73/120 seed=2112 pattern=WW pair_net=+2 (2474s)
pair  74/120 seed=2113 pattern=LW pair_net=+0 (2474s)
pair  75/120 seed=2114 pattern=LL pair_net=-5 (2648s)
pair  76/120 seed=2115 pattern=LL pair_net=-6 (2648s)
pair  77/120 seed=2116 pattern=WL pair_net=+2 (2648s)
pair  78/120 seed=2117 pattern=WL pair_net=+6 (2648s)
pair  79/120 seed=2118 pattern=WL pair_net=+0 (2648s)
pair  80/120 seed=2119 pattern=LW pair_net=-1 (2648s)
pair  81/120 seed=2120 pattern=WL pair_net=-1 (2648s)
pair  82/120 seed=2121 pattern=WW pair_net=+3 (2732s)
pair  83/120 seed=2122 pattern=WL pair_net=-1 (2732s)
pair  84/120 seed=2123 pattern=WW pair_net=+4 (2732s)
pair  85/120 seed=2124 pattern=WW pair_net=+3 (2732s)
pair  86/120 seed=2125 pattern=WW pair_net=+2 (2732s)
pair  87/120 seed=2126 pattern=LW pair_net=-4 (2732s)
pair  88/120 seed=2127 pattern=WW pair_net=+3 (2732s)
pair  89/120 seed=2128 pattern=WL pair_net=+0 (2732s)
pair  90/120 seed=2129 pattern=WW pair_net=+4 (2732s)
pair  91/120 seed=2130 pattern=WL pair_net=+0 (2732s)
pair  92/120 seed=2131 pattern=WW pair_net=+5 (2732s)
pair  93/120 seed=2132 pattern=WW pair_net=+4 (2732s)
pair  94/120 seed=2133 pattern=LL pair_net=-4 (2732s)
pair  95/120 seed=2134 pattern=WL pair_net=-3 (3067s)
pair  96/120 seed=2135 pattern=LL pair_net=-4 (3067s)
pair  97/120 seed=2136 pattern=WW pair_net=+4 (3067s)
pair  98/120 seed=2137 pattern=LW pair_net=-1 (3067s)
pair  99/120 seed=2138 pattern=WW pair_net=+4 (3067s)
pair 100/120 seed=2139 pattern=LL pair_net=-4 (3318s)
pair 101/120 seed=2140 pattern=LW pair_net=+0 (3318s)
pair 102/120 seed=2141 pattern=WW pair_net=+2 (3318s)
pair 103/120 seed=2142 pattern=WW pair_net=+2 (3318s)
pair 104/120 seed=2143 pattern=WW pair_net=+5 (3318s)
pair 105/120 seed=2144 pattern=WL pair_net=+0 (3481s)
pair 106/120 seed=2145 pattern=LW pair_net=+0 (3481s)
pair 107/120 seed=2146 pattern=LW pair_net=+0 (3481s)
pair 108/120 seed=2147 pattern=LW pair_net=+3 (3481s)
pair 109/120 seed=2148 pattern=LW pair_net=+2 (3481s)
pair 110/120 seed=2149 pattern=WL pair_net=-1 (3481s)
pair 111/120 seed=2150 pattern=WW pair_net=+3 (3481s)
pair 112/120 seed=2151 pattern=WL pair_net=-4 (3481s)
pair 113/120 seed=2152 pattern=LW pair_net=+2 (3481s)
pair 114/120 seed=2153 pattern=LL pair_net=-3 (3481s)
pair 115/120 seed=2154 pattern=LW pair_net=-5 (3481s)
pair 116/120 seed=2155 pattern=WW pair_net=+6 (3481s)
pair 117/120 seed=2156 pattern=WL pair_net=-6 (3481s)
pair 118/120 seed=2157 pattern=LW pair_net=-1 (3481s)
pair 119/120 seed=2158 pattern=LW pair_net=+3 (3481s)
pair 120/120 seed=2159 pattern=WL pair_net=-3 (3481s)

=== mirror eval: rollout vs greedy-ILP ===
pairs           : 120 (240 games)
win/loss/timeout: 147/93/0
win_rate        : 61.3%
pair patterns   : {'LL': 12, 'LW': 35, 'WL': 34, 'WW': 39}
mean pair net   : +0.82 ± 0.30 (SE)  [>0 means better than greedy]
avg steps/game  : 38.9
elapsed         : 3480.6s (14.50s/game)
