pair   1/40 seed=2000 pattern=LW pair_net=+2 (844s)
pair   2/40 seed=2001 pattern=LW pair_net=-1 (844s)
pair   3/40 seed=2002 pattern=WW pair_net=+3 (844s)
pair   4/40 seed=2003 pattern=LL pair_net=-5 (844s)
pair   5/40 seed=2004 pattern=WW pair_net=+3 (844s)
pair   6/40 seed=2005 pattern=WL pair_net=+0 (844s)
pair   7/40 seed=2006 pattern=LW pair_net=+3 (844s)
pair   8/40 seed=2007 pattern=WW pair_net=+6 (844s)
pair   9/40 seed=2008 pattern=WL pair_net=+0 (844s)
pair  10/40 seed=2009 pattern=WL pair_net=+0 (844s)
pair  11/40 seed=2010 pattern=LL pair_net=-4 (844s)
pair  12/40 seed=2011 pattern=WW pair_net=+4 (844s)
pair  13/40 seed=2012 pattern=WL pair_net=+1 (844s)
pair  14/40 seed=2013 pattern=WL pair_net=-1 (844s)
pair  15/40 seed=2014 pattern=LW pair_net=+2 (844s)
pair  16/40 seed=2015 pattern=WL pair_net=+1 (844s)
pair  17/40 seed=2016 pattern=LW pair_net=-1 (1562s)
pair  18/40 seed=2017 pattern=WW pair_net=+3 (1562s)
pair  19/40 seed=2018 pattern=LW pair_net=-4 (1562s)
pair  20/40 seed=2019 pattern=WW pair_net=+3 (1562s)
pair  21/40 seed=2020 pattern=WW pair_net=+3 (1562s)
pair  22/40 seed=2021 pattern=WL pair_net=-1 (1562s)
pair  23/40 seed=2022 pattern=LL pair_net=-3 (1562s)
pair  24/40 seed=2023 pattern=LL pair_net=-4 (1562s)
pair  25/40 seed=2024 pattern=WL pair_net=+0 (1562s)
pair  26/40 seed=2025 pattern=LW pair_net=+3 (1562s)
pair  27/40 seed=2026 pattern=LW pair_net=+0 (1562s)
pair  28/40 seed=2027 pattern=LW pair_net=-1 (1562s)
pair  29/40 seed=2028 pattern=WW pair_net=+2 (1562s)
pair  30/40 seed=2029 pattern=WL pair_net=-1 (1562s)
pair  31/40 seed=2030 pattern=WL pair_net=+0 (1624s)
pair  32/40 seed=2031 pattern=LL pair_net=-8 (1624s)
pair  33/40 seed=2032 pattern=WW pair_net=+3 (1624s)
pair  34/40 seed=2033 pattern=WW pair_net=+5 (1624s)
pair  35/40 seed=2034 pattern=WW pair_net=+2 (1624s)
pair  36/40 seed=2035 pattern=WW pair_net=+4 (1624s)
pair  37/40 seed=2036 pattern=LW pair_net=+0 (1624s)
pair  38/40 seed=2037 pattern=WL pair_net=-5 (1624s)
pair  39/40 seed=2038 pattern=LW pair_net=+1 (1624s)
pair  40/40 seed=2039 pattern=LL pair_net=-5 (1624s)

=== mirror eval: rollout vs greedy-ILP ===
pairs           : 40 (80 games)
win/loss/timeout: 46/34/0
win_rate        : 57.5%
pair patterns   : {'LL': 6, 'LW': 11, 'WL': 11, 'WW': 12}
mean pair net   : +0.25 ± 0.50 (SE)  [>0 means better than greedy]
avg steps/game  : 40.7
elapsed         : 1623.6s (20.29s/game)
