pair   1/160 seed=2000 pattern=LW pair_net=+0 (10s)
pair   2/160 seed=2001 pattern=LW pair_net=+0 (19s)
pair   3/160 seed=2002 pattern=WL pair_net=+0 (23s)
pair   4/160 seed=2003 pattern=WL pair_net=+0 (23s)
pair   5/160 seed=2004 pattern=LW pair_net=+1 (23s)
pair   6/160 seed=2005 pattern=LW pair_net=+0 (23s)
pair   7/160 seed=2006 pattern=LW pair_net=+0 (28s)
pair   8/160 seed=2007 pattern=WL pair_net=+0 (28s)
pair   9/160 seed=2008 pattern=WL pair_net=+0 (28s)
pair  10/160 seed=2009 pattern=LW pair_net=+0 (33s)
pair  11/160 seed=2010 pattern=LW pair_net=+0 (33s)
pair  12/160 seed=2011 pattern=WW pair_net=+2 (38s)
pair  13/160 seed=2012 pattern=LL pair_net=-3 (42s)
pair  14/160 seed=2013 pattern=LL pair_net=-2 (42s)
pair  15/160 seed=2014 pattern=WL pair_net=+0 (53s)
pair  16/160 seed=2015 pattern=WW pair_net=+2 (53s)
pair  17/160 seed=2016 pattern=LW pair_net=+0 (55s)
pair  18/160 seed=2017 pattern=WW pair_net=+2 (55s)
pair  19/160 seed=2018 pattern=LW pair_net=-7 (55s)
pair  20/160 seed=2019 pattern=LW pair_net=+0 (91s)
pair  21/160 seed=2020 pattern=LW pair_net=+0 (91s)
pair  22/160 seed=2021 pattern=WL pair_net=+0 (91s)
pair  23/160 seed=2022 pattern=LW pair_net=+0 (91s)
pair  24/160 seed=2023 pattern=LL pair_net=-5 (91s)
pair  25/160 seed=2024 pattern=LW pair_net=+0 (91s)
pair  26/160 seed=2025 pattern=LW pair_net=+5 (91s)
pair  27/160 seed=2026 pattern=WL pair_net=+0 (91s)
pair  28/160 seed=2027 pattern=LW pair_net=+0 (91s)
pair  29/160 seed=2028 pattern=LW pair_net=+0 (92s)
pair  30/160 seed=2029 pattern=WL pair_net=+0 (92s)
pair  31/160 seed=2030 pattern=LW pair_net=+0 (110s)
pair  32/160 seed=2031 pattern=LW pair_net=-5 (110s)
pair  33/160 seed=2032 pattern=LL pair_net=-4 (110s)
pair  34/160 seed=2033 pattern=WL pair_net=-1 (110s)
pair  35/160 seed=2034 pattern=LW pair_net=+0 (110s)
pair  36/160 seed=2035 pattern=LW pair_net=+0 (110s)
pair  37/160 seed=2036 pattern=LW pair_net=+0 (110s)
pair  38/160 seed=2037 pattern=WL pair_net=+0 (110s)
pair  39/160 seed=2038 pattern=LW pair_net=+0 (110s)
pair  40/160 seed=2039 pattern=WL pair_net=+0 (112s)
pair  41/160 seed=2040 pattern=WL pair_net=-3 (112s)
pair  42/160 seed=2041 pattern=WL pair_net=+0 (112s)
pair  43/160 seed=2042 pattern=WL pair_net=+0 (112s)
pair  44/160 seed=2043 pattern=WW pair_net=+3 (118s)
pair  45/160 seed=2044 pattern=LL pair_net=-3 (118s)
pair  46/160 seed=2045 pattern=WL pair_net=+0 (133s)
pair  47/160 seed=2046 pattern=LW pair_net=+0 (133s)
pair  48/160 seed=2047 pattern=WL pair_net=+0 (133s)
pair  49/160 seed=2048 pattern=LW pair_net=+0 (133s)
pair  50/160 seed=2049 pattern=WL pair_net=+0 (133s)
pair  51/160 seed=2050 pattern=LW pair_net=-1 (133s)
pair  52/160 seed=2051 pattern=WL pair_net=-1 (133s)
pair  53/160 seed=2052 pattern=LW pair_net=+0 (133s)
pair  54/160 seed=2053 pattern=WW pair_net=+2 (153s)
pair  55/160 seed=2054 pattern=LW pair_net=+0 (153s)
pair  56/160 seed=2055 pattern=LL pair_net=-5 (153s)
pair  57/160 seed=2056 pattern=WL pair_net=+0 (160s)
pair  58/160 seed=2057 pattern=WL pair_net=+1 (160s)
pair  59/160 seed=2058 pattern=WL pair_net=+0 (160s)
pair  60/160 seed=2059 pattern=WL pair_net=+0 (160s)
pair  61/160 seed=2060 pattern=WL pair_net=+0 (160s)
pair  62/160 seed=2061 pattern=WL pair_net=+0 (160s)
pair  63/160 seed=2062 pattern=WL pair_net=+0 (160s)
pair  64/160 seed=2063 pattern=LL pair_net=-5 (161s)
pair  65/160 seed=2064 pattern=LL pair_net=-5 (161s)
pair  66/160 seed=2065 pattern=WW pair_net=+4 (161s)
pair  67/160 seed=2066 pattern=LL pair_net=-2 (176s)
pair  68/160 seed=2067 pattern=WL pair_net=+0 (180s)
pair  69/160 seed=2068 pattern=LW pair_net=+0 (180s)
pair  70/160 seed=2069 pattern=WL pair_net=+0 (180s)
pair  71/160 seed=2070 pattern=WL pair_net=+0 (180s)
pair  72/160 seed=2071 pattern=WL pair_net=+0 (180s)
pair  73/160 seed=2072 pattern=WL pair_net=+0 (183s)
pair  74/160 seed=2073 pattern=WL pair_net=+0 (183s)
pair  75/160 seed=2074 pattern=LW pair_net=+0 (183s)
pair  76/160 seed=2075 pattern=LL pair_net=-5 (183s)
pair  77/160 seed=2076 pattern=WL pair_net=+0 (183s)
pair  78/160 seed=2077 pattern=WL pair_net=-1 (183s)
pair  79/160 seed=2078 pattern=LW pair_net=+0 (185s)
pair  80/160 seed=2079 pattern=WL pair_net=+0 (197s)
pair  81/160 seed=2080 pattern=WW pair_net=+4 (197s)
pair  82/160 seed=2081 pattern=WL pair_net=+0 (197s)
pair  83/160 seed=2082 pattern=LW pair_net=+0 (216s)
pair  84/160 seed=2083 pattern=WW pair_net=+2 (232s)
pair  85/160 seed=2084 pattern=WL pair_net=+0 (232s)
pair  86/160 seed=2085 pattern=WL pair_net=+0 (232s)
pair  87/160 seed=2086 pattern=WL pair_net=+0 (232s)
pair  88/160 seed=2087 pattern=WL pair_net=+0 (232s)
pair  89/160 seed=2088 pattern=WL pair_net=+0 (232s)
pair  90/160 seed=2089 pattern=WL pair_net=+0 (232s)
pair  91/160 seed=2090 pattern=LL pair_net=-2 (232s)
pair  92/160 seed=2091 pattern=LW pair_net=+0 (232s)
pair  93/160 seed=2092 pattern=LW pair_net=+0 (232s)
pair  94/160 seed=2093 pattern=WL pair_net=+0 (232s)
pair  95/160 seed=2094 pattern=LL pair_net=-2 (241s)
pair  96/160 seed=2095 pattern=LL pair_net=-2 (241s)
pair  97/160 seed=2096 pattern=LW pair_net=+0 (241s)
pair  98/160 seed=2097 pattern=WL pair_net=+0 (241s)
pair  99/160 seed=2098 pattern=WL pair_net=+0 (248s)
pair 100/160 seed=2099 pattern=WL pair_net=+2 (248s)
pair 101/160 seed=2100 pattern=LW pair_net=+0 (248s)
pair 102/160 seed=2101 pattern=WW pair_net=+4 (261s)
pair 103/160 seed=2102 pattern=LW pair_net=+0 (261s)
pair 104/160 seed=2103 pattern=WL pair_net=+0 (261s)
pair 105/160 seed=2104 pattern=WL pair_net=+0 (261s)
pair 106/160 seed=2105 pattern=LW pair_net=+2 (261s)
pair 107/160 seed=2106 pattern=WL pair_net=+0 (272s)
pair 108/160 seed=2107 pattern=WL pair_net=-1 (272s)
pair 109/160 seed=2108 pattern=WL pair_net=+0 (272s)
pair 110/160 seed=2109 pattern=LL pair_net=-4 (273s)
pair 111/160 seed=2110 pattern=WW pair_net=+7 (273s)
pair 112/160 seed=2111 pattern=LL pair_net=-4 (273s)
pair 113/160 seed=2112 pattern=LW pair_net=+0 (1224s)
pair 114/160 seed=2113 pattern=WL pair_net=+0 (1224s)
pair 115/160 seed=2114 pattern=WL pair_net=+0 (1224s)
pair 116/160 seed=2115 pattern=WL pair_net=+0 (1224s)
pair 117/160 seed=2116 pattern=WL pair_net=+1 (1224s)
pair 118/160 seed=2117 pattern=WW pair_net=+5 (1224s)
pair 119/160 seed=2118 pattern=WL pair_net=+0 (1224s)
pair 120/160 seed=2119 pattern=LW pair_net=+0 (1224s)
pair 121/160 seed=2120 pattern=WL pair_net=+1 (1224s)
pair 122/160 seed=2121 pattern=WL pair_net=+0 (1224s)
pair 123/160 seed=2122 pattern=WL pair_net=+0 (1224s)
pair 124/160 seed=2123 pattern=LW pair_net=+1 (1224s)
pair 125/160 seed=2124 pattern=WW pair_net=+4 (1224s)
pair 126/160 seed=2125 pattern=LW pair_net=+0 (1224s)
pair 127/160 seed=2126 pattern=WL pair_net=+0 (1224s)
pair 128/160 seed=2127 pattern=LW pair_net=+0 (1224s)
pair 129/160 seed=2128 pattern=WL pair_net=+0 (1224s)
pair 130/160 seed=2129 pattern=WL pair_net=+0 (1224s)
pair 131/160 seed=2130 pattern=WL pair_net=+0 (1229s)
pair 132/160 seed=2131 pattern=LW pair_net=+0 (1229s)
pair 133/160 seed=2132 pattern=WL pair_net=+0 (1252s)
pair 134/160 seed=2133 pattern=LW pair_net=-1 (1252s)
pair 135/160 seed=2134 pattern=WL pair_net=+0 (1252s)
pair 136/160 seed=2135 pattern=WL pair_net=+0 (1252s)
pair 137/160 seed=2136 pattern=WL pair_net=+0 (2243s)
pair 138/160 seed=2137 pattern=WL pair_net=+0 (2243s)
pair 139/160 seed=2138 pattern=WW pair_net=+2 (2243s)
pair 140/160 seed=2139 pattern=LW pair_net=+0 (2243s)
pair 141/160 seed=2140 pattern=LW pair_net=-3 (2243s)
pair 142/160 seed=2141 pattern=LW pair_net=+0 (2243s)
pair 143/160 seed=2142 pattern=WL pair_net=+0 (2243s)
pair 144/160 seed=2143 pattern=LW pair_net=+0 (2243s)
pair 145/160 seed=2144 pattern=LW pair_net=+0 (2243s)
pair 146/160 seed=2145 pattern=LL pair_net=-3 (2243s)
pair 147/160 seed=2146 pattern=WL pair_net=+0 (2253s)
pair 148/160 seed=2147 pattern=LW pair_net=+2 (2253s)
pair 149/160 seed=2148 pattern=WL pair_net=-1 (2253s)
pair 150/160 seed=2149 pattern=WL pair_net=+0 (2253s)
pair 151/160 seed=2150 pattern=WL pair_net=+0 (2256s)
pair 152/160 seed=2151 pattern=WL pair_net=+0 (2256s)
pair 153/160 seed=2152 pattern=WL pair_net=+0 (2256s)
pair 154/160 seed=2153 pattern=LW pair_net=+0 (2256s)
pair 155/160 seed=2154 pattern=WW pair_net=+7 (2256s)
pair 156/160 seed=2155 pattern=WL pair_net=+2 (2265s)
pair 157/160 seed=2156 pattern=WL pair_net=+0 (2265s)
pair 158/160 seed=2157 pattern=LW pair_net=+0 (2265s)
pair 159/160 seed=2158 pattern=LW pair_net=-1 (2281s)
pair 160/160 seed=2159 pattern=WL pair_net=+0 (2281s)

=== mirror eval: student vs greedy-ILP ===
pairs           : 160 (320 games)
win/loss/timeout: 158/162/0
win_rate        : 49.4%
pair patterns   : {'LL': 16, 'LW': 53, 'WL': 77, 'WW': 14}
mean pair net   : -0.09 ± 0.15 (SE)  [>0 means better than greedy]
avg steps/game  : 38.4
elapsed         : 2281.5s (7.13s/game)
