[wrapper] attempt 1: 0/1000 pairs on disk, (re)starting generator (2026년  7월 10일 금요일 03시 14분 58초 KST)
pairs: 1000 requested, 1000 to generate (0 already on disk)
  50/1000 pairs, 1768 decisions, ETA 634min
  100/1000 pairs, 3609 decisions, ETA 474min
  150/1000 pairs, 5373 decisions, ETA 445min
  200/1000 pairs, 7096 decisions, ETA 431min
  250/1000 pairs, 8873 decisions, ETA 401min
  300/1000 pairs, 10578 decisions, ETA 377min
  350/1000 pairs, 12399 decisions, ETA 344min
  400/1000 pairs, 14192 decisions, ETA 310min
  450/1000 pairs, 16006 decisions, ETA 283min
  500/1000 pairs, 17877 decisions, ETA 260min
  550/1000 pairs, 19648 decisions, ETA 232min
  600/1000 pairs, 21367 decisions, ETA 205min
  650/1000 pairs, 23101 decisions, ETA 181min
  700/1000 pairs, 24894 decisions, ETA 154min
  750/1000 pairs, 26542 decisions, ETA 128min
  800/1000 pairs, 28382 decisions, ETA 103min
  850/1000 pairs, 30169 decisions, ETA 78min
  900/1000 pairs, 31938 decisions, ETA 52min
  950/1000 pairs, 33631 decisions, ETA 27min
  1000/1000 pairs, 35379 decisions, ETA 0min
done: 35379 decisions in 30935s -> data/stage1s
[wrapper] COMPLETE: 1000/1000 pairs (2026년  7월 10일 금요일 12시 05분 42초 KST)
